
> richie-portofolio@0.1.0 build-vectors
> node --env-file=.env.local scripts/build-vector-store.js

≡ƒÜÇ Knowledge Base Vector Builder

≡ƒôî Mode: Full rebuild (11 file)

≡ƒôé Processing: career-goals.md
node.exe :   Γ¥î Error processing 
career-goals.md: Gemini Embedding API 
error: {
At line:1 char:1
+ & "D:\nodejs/node.exe" "D:\nodejs/node
_modules/npm/bin/npm-cli.js" ru ...
+ ~~~~~~~~~~~~~~~~~~~~~~~~~~~~~~~~~~~~~~
~~~~~~~~~~~~~~~~~~~~~~~~~~~~~~~
    + CategoryInfo          : NotSpecif 
   ied: (  Γ¥î Error pro...ng API erro  
  r: {:String) [], RemoteException
    + FullyQualifiedErrorId : NativeCom 
   mandError
 
  "error": {
    "code": 404,
    "message": 
"models/text-embedding-004 is not found 
for API version v1beta, or is not 
supported for embedContent. Call 
ListModels to see the list of available 
models and their supported methods.",
    "status": "NOT_FOUND"
  }
}

  ≡ƒô¥ Embedding chunk [0] "Career Interests"... ≡ƒôé Processing: certifications.md
  Γ¥î Error processing 
certifications.md: Gemini Embedding API 
error: {
  "error": {
    "code": 404,
    "message": 
"models/text-embedding-004 is not found 
for API version v1beta, or is not 
supported for embedContent. Call 
ListModels to see the list of available 
models and their supported methods.",
    "status": "NOT_FOUND"
  }
}

  ≡ƒô¥ Embedding chunk [0] "Sertifikasi Richie Giansanto"... ≡ƒôé Processing: education.md
  Γ¥î Error processing education.md: 
Gemini Embedding API error: {
  "error": {
    "code": 404,
    "message": 
"models/text-embedding-004 is not found 
for API version v1beta, or is not 
supported for embedContent. Call 
ListModels to see the list of available 
models and their supported methods.",
    "status": "NOT_FOUND"
  }
}

  ≡ƒô¥ Embedding chunk [0] "Pendidikan Formal"... ≡ƒôé Processing: experience-organizations.md
  Γ¥î Error processing 
experience-organizations.md: Gemini 
Embedding API error: {
  "error": {
    "code": 404,
  ≡ƒô¥ Embedding chunk [0] "KSPM UMN - Investment 101 (PIC Competition Division)"... ≡ƒôé Processing: experience-work.md
    "message": 
"models/text-embedding-004 is not found 
for API version v1beta, or is not 
supported for embedContent. Call 
ListModels to see the list of available 
models and their supported methods.",
    "status": "NOT_FOUND"
  }
}

  Γ¥î Error processing 
experience-work.md: Gemini Embedding 
API error: {
  "error": {
    "code": 404,
    "message": 
"models/text-embedding-004 is not found 
for API version v1beta, or is not 
supported for embedContent. Call 
ListModels to see the list of available 
models and their supported methods.",
    "status": "NOT_FOUND"
  }
}

  ≡ƒô¥ Embedding chunk [0] "Magang ΓÇö PT Aryaduta International Management (Januari 2026 - Sekarang)"... ≡ƒôé Processing: personal-info.md
  Γ¥î Error processing 
personal-info.md: Gemini Embedding API 
error: {
  "error": {
    "code": 404,
    "message": 
"models/text-embedding-004 is not found 
for API version v1beta, or is not 
supported for embedContent. Call 
ListModels to see the list of available 
models and their supported methods.",
    "status": "NOT_FOUND"
  }
}

  ≡ƒô¥ Embedding chunk [0] "Identitas"... ≡ƒôé Processing: project-chatbot.md
  Γ¥î Error processing 
project-chatbot.md: Gemini Embedding 
API error: {
  "error": {
    "code": 404,
    "message": 
"models/text-embedding-004 is not found 
for API version v1beta, or is not 
supported for embedContent. Call 
ListModels to see the list of available 
models and their supported methods.",
    "status": "NOT_FOUND"
  }
}

  ≡ƒô¥ Embedding chunk [0] "Overview"... ≡ƒôé Processing: project-newsapp.md
  Γ¥î Error processing 
project-newsapp.md: Gemini Embedding 
API error: {
  "error": {
    "code": 404,
    "message": 
"models/text-embedding-004 is not found 
for API version v1beta, or is not 
supported for embedContent. Call 
ListModels to see the list of available 
models and their supported methods.",
    "status": "NOT_FOUND"
  }
}

  ≡ƒô¥ Embedding chunk [0] "Overview"... ≡ƒôé Processing: project-sentiment-analysis.md
  Γ¥î Error processing 
project-sentiment-analysis.md: Gemini 
Embedding API error: {
  "error": {
    "code": 404,
    "message": 
"models/text-embedding-004 is not found 
for API version v1beta, or is not 
supported for embedContent. Call 
ListModels to see the list of available 
models and their supported methods.",
    "status": "NOT_FOUND"
  }
}

  ≡ƒô¥ Embedding chunk [0] "Overview"... ≡ƒôé Processing: project-usa-visa.md
  Γ¥î Error processing 
project-usa-visa.md: Gemini Embedding 
API error: {
  "error": {
    "code": 404,
    "message": 
"models/text-embedding-004 is not found 
for API version v1beta, or is not 
supported for embedContent. Call 
ListModels to see the list of available 
models and their supported methods.",
    "status": "NOT_FOUND"
  }
}

  ≡ƒô¥ Embedding chunk [0] "Overview"... ≡ƒôé Processing: skills.md
  Γ¥î Error processing skills.md: 
Gemini Embedding API error: {
  "error": {
    "code": 404,
    "message": 
"models/text-embedding-004 is not found 
for API version v1beta, or is not 
supported for embedContent. Call 
ListModels to see the list of available 
models and their supported methods.",
    "status": "NOT_FOUND"
  }
}

  ≡ƒô¥ Embedding chunk [0] "Programming Languages"... ΓöÇΓöÇΓöÇΓöÇΓöÇΓöÇΓöÇΓöÇΓöÇΓöÇΓöÇΓöÇΓöÇΓöÇΓöÇΓöÇΓöÇΓöÇΓöÇΓöÇΓöÇΓöÇΓöÇΓöÇΓöÇΓöÇΓöÇΓöÇΓöÇΓöÇΓöÇΓöÇΓöÇΓöÇΓöÇΓöÇΓöÇΓöÇΓöÇΓöÇΓöÇΓöÇΓöÇΓöÇΓöÇΓöÇΓöÇΓöÇΓöÇΓöÇ
≡ƒÄë Selesai! Total chunks di Firestore: 0
ΓöÇΓöÇΓöÇΓöÇΓöÇΓöÇΓöÇΓöÇΓöÇΓöÇΓöÇΓöÇΓöÇΓöÇΓöÇΓöÇΓöÇΓöÇΓöÇΓöÇΓöÇΓöÇΓöÇΓöÇΓöÇΓöÇΓöÇΓöÇΓöÇΓöÇΓöÇΓöÇΓöÇΓöÇΓöÇΓöÇΓöÇΓöÇΓöÇΓöÇΓöÇΓöÇΓöÇΓöÇΓöÇΓöÇΓöÇΓöÇΓöÇΓöÇ
